// Jest Snapshot v1, https://goo.gl/fbAQLP

exports[`<Card /> should match the snapshot 1`] = `
ShallowWrapper {
  Symbol(enzyme.__root__): [Circular],
  Symbol(enzyme.__unrendered__): <Card
    id="1"
    url="https://cdn.britannica.com/s:700x450/01/115901-004-AC4BD3CC.jpg"
  />,
  Symbol(enzyme.__renderer__): Object {
    "batchedUpdates": [Function],
    "getNode": [Function],
    "render": [Function],
    "simulateError": [Function],
    "simulateEvent": [Function],
    "unmount": [Function],
  },
  Symbol(enzyme.__node__): Object {
    "instance": null,
    "key": undefined,
    "nodeType": "class",
    "props": Object {
      "children": <LoadedImage
        url="https://cdn.britannica.com/s:700x450/01/115901-004-AC4BD3CC.jpg"
      />,
      "className": "card",
      "replace": false,
      "to": "/cards/1",
    },
    "ref": null,
    "rendered": Object {
      "instance": null,
      "key": undefined,
      "nodeType": "class",
      "props": Object {
        "url": "https://cdn.britannica.com/s:700x450/01/115901-004-AC4BD3CC.jpg",
      },
      "ref": null,
      "rendered": null,
      "type": [Function],
    },
    "type": [Function],
  },
  Symbol(enzyme.__nodes__): Array [
    Object {
      "instance": null,
      "key": undefined,
      "nodeType": "class",
      "props": Object {
        "children": <LoadedImage
          url="https://cdn.britannica.com/s:700x450/01/115901-004-AC4BD3CC.jpg"
        />,
        "className": "card",
        "replace": false,
        "to": "/cards/1",
      },
      "ref": null,
      "rendered": Object {
        "instance": null,
        "key": undefined,
        "nodeType": "class",
        "props": Object {
          "url": "https://cdn.britannica.com/s:700x450/01/115901-004-AC4BD3CC.jpg",
        },
        "ref": null,
        "rendered": null,
        "type": [Function],
      },
      "type": [Function],
    },
  ],
  Symbol(enzyme.__options__): Object {
    "adapter": ReactSixteenAdapter {
      "options": Object {
        "enableComponentDidUpdateOnSetState": true,
        "lifecycles": Object {
          "componentDidUpdate": Object {
            "onSetState": true,
          },
          "getDerivedStateFromProps": true,
          "getSnapshotBeforeUpdate": true,
          "setState": Object {
            "skipsComponentDidUpdateOnNullish": true,
          },
        },
      },
    },
  },
}
`;
