// Jest Snapshot v1, https://goo.gl/fbAQLP

exports[`<LoadedImage /> should match the snapshot 1`] = `
ShallowWrapper {
  Symbol(enzyme.__root__): [Circular],
  Symbol(enzyme.__unrendered__): <LoadedImage
    url="https://cdn.britannica.com/s:700x450/01/115901-004-AC4BD3CC.jpg"
  />,
  Symbol(enzyme.__renderer__): Object {
    "batchedUpdates": [Function],
    "getNode": [Function],
    "render": [Function],
    "simulateError": [Function],
    "simulateEvent": [Function],
    "unmount": [Function],
  },
  Symbol(enzyme.__node__): Object {
    "instance": null,
    "key": undefined,
    "nodeType": "host",
    "props": Object {
      "children": Array [
        <img
          className="image__content"
          onError={[Function]}
          onLoad={[Function]}
          src="https://cdn.britannica.com/s:700x450/01/115901-004-AC4BD3CC.jpg"
          style={
            Object {
              "opacity": 0,
            }
          }
        />,
        <img
          className="image__loader"
          src="https://dosrgfkou9o2m.cloudfront.net/cdn/3.0.0.16195/responsivemasterpage/img/3-dots@2x.gif"
        />,
        false,
      ],
      "className": "image__wrapper",
    },
    "ref": null,
    "rendered": Array [
      Object {
        "instance": null,
        "key": undefined,
        "nodeType": "host",
        "props": Object {
          "className": "image__content",
          "onError": [Function],
          "onLoad": [Function],
          "src": "https://cdn.britannica.com/s:700x450/01/115901-004-AC4BD3CC.jpg",
          "style": Object {
            "opacity": 0,
          },
        },
        "ref": null,
        "rendered": null,
        "type": "img",
      },
      Object {
        "instance": null,
        "key": undefined,
        "nodeType": "host",
        "props": Object {
          "className": "image__loader",
          "src": "https://dosrgfkou9o2m.cloudfront.net/cdn/3.0.0.16195/responsivemasterpage/img/3-dots@2x.gif",
        },
        "ref": null,
        "rendered": null,
        "type": "img",
      },
      false,
    ],
    "type": "div",
  },
  Symbol(enzyme.__nodes__): Array [
    Object {
      "instance": null,
      "key": undefined,
      "nodeType": "host",
      "props": Object {
        "children": Array [
          <img
            className="image__content"
            onError={[Function]}
            onLoad={[Function]}
            src="https://cdn.britannica.com/s:700x450/01/115901-004-AC4BD3CC.jpg"
            style={
              Object {
                "opacity": 0,
              }
            }
          />,
          <img
            className="image__loader"
            src="https://dosrgfkou9o2m.cloudfront.net/cdn/3.0.0.16195/responsivemasterpage/img/3-dots@2x.gif"
          />,
          false,
        ],
        "className": "image__wrapper",
      },
      "ref": null,
      "rendered": Array [
        Object {
          "instance": null,
          "key": undefined,
          "nodeType": "host",
          "props": Object {
            "className": "image__content",
            "onError": [Function],
            "onLoad": [Function],
            "src": "https://cdn.britannica.com/s:700x450/01/115901-004-AC4BD3CC.jpg",
            "style": Object {
              "opacity": 0,
            },
          },
          "ref": null,
          "rendered": null,
          "type": "img",
        },
        Object {
          "instance": null,
          "key": undefined,
          "nodeType": "host",
          "props": Object {
            "className": "image__loader",
            "src": "https://dosrgfkou9o2m.cloudfront.net/cdn/3.0.0.16195/responsivemasterpage/img/3-dots@2x.gif",
          },
          "ref": null,
          "rendered": null,
          "type": "img",
        },
        false,
      ],
      "type": "div",
    },
  ],
  Symbol(enzyme.__options__): Object {
    "adapter": ReactSixteenAdapter {
      "options": Object {
        "enableComponentDidUpdateOnSetState": true,
        "lifecycles": Object {
          "componentDidUpdate": Object {
            "onSetState": true,
          },
          "getDerivedStateFromProps": true,
          "getSnapshotBeforeUpdate": true,
          "setState": Object {
            "skipsComponentDidUpdateOnNullish": true,
          },
        },
      },
    },
  },
}
`;
